package test

import "bytes"

func unusedEmpty() string {
	return "unused_empty"
}
